[backblue.gif]
[fade.gif]
[index.html]
[www.xtec.cat/_jgenover/volver.swf]
[www.xtec.cat/_jgenover/morfo.html]
[www.xtec.cat/_jgenover/catgram1.html]
[www.xtec.cat/_jgenover/catgram6.html]
[www.xtec.cat/_jgenover/catgra10.html]
[www.xtec.cat/_jgenover/gracat1.html]
[www.xtec.cat/_jgenover/genero1.html]
[www.xtec.cat/_jgenover/genero3.html]
[www.xtec.cat/_jgenover/numero1.html]
[www.xtec.cat/_jgenover/numero2.html]
[www.xtec.cat/_jgenover/adjepos1.html]
[www.xtec.cat/_jgenover/grado1.html]
[www.xtec.cat/_jgenover/usodet0.html]
[www.xtec.cat/_jgenover/clasdet1.html]
[www.xtec.cat/_jgenover/usopron1.html]
[www.xtec.cat/_jgenover/suspron1.html]
[www.xtec.cat/_jgenover/claspron1.html]
[www.xtec.cat/_jgenover/usverb0.html]
[www.xtec.cat/_jgenover/usoverbo1.html]
[www.xtec.cat/_jgenover/tiempo1.html]
[www.xtec.cat/_jgenover/verbir1.html]
[www.xtec.cat/_jgenover/verbir4.html]
[www.xtec.cat/_jgenover/morver1.html]
[www.xtec.cat/_jgenover/usoprep1.html]
[www.xtec.cat/_jgenover/prepos1.html]
[www.xtec.cat/_jgenover/concor01.html]
[www.xtec.cat/_jgenover/concor1.html]
[www.xtec.cat/_jgenover/concor3.html]
[www.xtec.cat/_jgenover/concor5.html]
[www.xtec.cat/_jgenover/interjec.html]
[www.xtec.cat/_jgenover/crumorf.html]
